// Jest Snapshot v1, https://goo.gl/fbAQLP

exports[`QueryAccordion renders the component correctly 1`] = `
Object {
  "asFragment": [Function],
  "baseElement": <body>
    <div>
      <div
        class="MuiPaper-root MuiAccordion-root accordion MuiAccordion-rounded MuiPaper-elevation1 MuiPaper-rounded"
      >
        <div
          aria-disabled="false"
          aria-expanded="false"
          class="MuiButtonBase-root MuiAccordionSummary-root accordion-summary"
          data-testid="expand-collapse-link"
          role="button"
          tabindex="0"
        >
          <div
            class="MuiAccordionSummary-content"
          >
            <div
              class="accordion-heading"
            >
              12 March 2021
            </div>
          </div>
          <div
            aria-disabled="false"
            aria-hidden="true"
            class="MuiButtonBase-root MuiIconButton-root MuiAccordionSummary-expandIcon MuiIconButton-edgeEnd"
          >
            <span
              class="MuiIconButton-label"
            >
              <svg
                aria-hidden="true"
                class="MuiSvgIcon-root"
                focusable="false"
                viewBox="0 0 24 24"
              >
                <path
                  d="M16.59 8.59L12 13.17 7.41 8.59 6 10l6 6 6-6z"
                />
              </svg>
            </span>
            <span
              class="MuiTouchRipple-root"
            />
          </div>
        </div>
        <div
          class="MuiCollapse-root MuiCollapse-hidden"
          style="min-height: 0px;"
        >
          <div
            class="MuiCollapse-wrapper"
          >
            <div
              class="MuiCollapse-wrapperInner"
            >
              <div
                role="region"
              >
                <div>
                  <div
                    class="MuiAccordionDetails-root accordion-details"
                    data-testid="accordion-details"
                  >
                    <div
                      class="row"
                    >
                      <div
                        class="column-flex-2"
                      >
                        <b>
                          10:45
                        </b>
                      </div>
                      <div
                        class="column-flex-6"
                        data-testid="querydata-component"
                      >
                        <div>
                          test-data
                        </div>
                      </div>
                      <div
                        class="column-flex-1"
                        data-testid="delete-icon"
                      >
                        <svg
                          aria-hidden="true"
                          class="MuiSvgIcon-root"
                          focusable="false"
                          viewBox="0 0 24 24"
                        >
                          <path
                            d="M6 19c0 1.1.9 2 2 2h8c1.1 0 2-.9 2-2V7H6v12zM19 4h-3.5l-1-1h-5l-1 1H5v2h14V4z"
                          />
                        </svg>
                      </div>
                      <div
                        class="column-flex-1"
                        data-testid="bookmark-icon"
                      >
                        <svg
                          aria-hidden="true"
                          class="MuiSvgIcon-root"
                          focusable="false"
                          viewBox="0 0 24 24"
                        >
                          <path
                            d="M22 9.24l-7.19-.62L12 2 9.19 8.63 2 9.24l5.46 4.73L5.82 21 12 17.27 18.18 21l-1.63-7.03L22 9.24zM12 15.4l-3.76 2.27 1-4.28-3.32-2.88 4.38-.38L12 6.1l1.71 4.04 4.38.38-3.32 2.88 1 4.28L12 15.4z"
                          />
                        </svg>
                      </div>
                    </div>
                  </div>
                </div>
              </div>
            </div>
          </div>
        </div>
      </div>
    </div>
  </body>,
  "container": <div>
    <div
      class="MuiPaper-root MuiAccordion-root accordion MuiAccordion-rounded MuiPaper-elevation1 MuiPaper-rounded"
    >
      <div
        aria-disabled="false"
        aria-expanded="false"
        class="MuiButtonBase-root MuiAccordionSummary-root accordion-summary"
        data-testid="expand-collapse-link"
        role="button"
        tabindex="0"
      >
        <div
          class="MuiAccordionSummary-content"
        >
          <div
            class="accordion-heading"
          >
            12 March 2021
          </div>
        </div>
        <div
          aria-disabled="false"
          aria-hidden="true"
          class="MuiButtonBase-root MuiIconButton-root MuiAccordionSummary-expandIcon MuiIconButton-edgeEnd"
        >
          <span
            class="MuiIconButton-label"
          >
            <svg
              aria-hidden="true"
              class="MuiSvgIcon-root"
              focusable="false"
              viewBox="0 0 24 24"
            >
              <path
                d="M16.59 8.59L12 13.17 7.41 8.59 6 10l6 6 6-6z"
              />
            </svg>
          </span>
          <span
            class="MuiTouchRipple-root"
          />
        </div>
      </div>
      <div
        class="MuiCollapse-root MuiCollapse-hidden"
        style="min-height: 0px;"
      >
        <div
          class="MuiCollapse-wrapper"
        >
          <div
            class="MuiCollapse-wrapperInner"
          >
            <div
              role="region"
            >
              <div>
                <div
                  class="MuiAccordionDetails-root accordion-details"
                  data-testid="accordion-details"
                >
                  <div
                    class="row"
                  >
                    <div
                      class="column-flex-2"
                    >
                      <b>
                        10:45
                      </b>
                    </div>
                    <div
                      class="column-flex-6"
                      data-testid="querydata-component"
                    >
                      <div>
                        test-data
                      </div>
                    </div>
                    <div
                      class="column-flex-1"
                      data-testid="delete-icon"
                    >
                      <svg
                        aria-hidden="true"
                        class="MuiSvgIcon-root"
                        focusable="false"
                        viewBox="0 0 24 24"
                      >
                        <path
                          d="M6 19c0 1.1.9 2 2 2h8c1.1 0 2-.9 2-2V7H6v12zM19 4h-3.5l-1-1h-5l-1 1H5v2h14V4z"
                        />
                      </svg>
                    </div>
                    <div
                      class="column-flex-1"
                      data-testid="bookmark-icon"
                    >
                      <svg
                        aria-hidden="true"
                        class="MuiSvgIcon-root"
                        focusable="false"
                        viewBox="0 0 24 24"
                      >
                        <path
                          d="M22 9.24l-7.19-.62L12 2 9.19 8.63 2 9.24l5.46 4.73L5.82 21 12 17.27 18.18 21l-1.63-7.03L22 9.24zM12 15.4l-3.76 2.27 1-4.28-3.32-2.88 4.38-.38L12 6.1l1.71 4.04 4.38.38-3.32 2.88 1 4.28L12 15.4z"
                        />
                      </svg>
                    </div>
                  </div>
                </div>
              </div>
            </div>
          </div>
        </div>
      </div>
    </div>
  </div>,
  "debug": [Function],
  "findAllByAltText": [Function],
  "findAllByDisplayValue": [Function],
  "findAllByLabelText": [Function],
  "findAllByPlaceholderText": [Function],
  "findAllByRole": [Function],
  "findAllByTestId": [Function],
  "findAllByText": [Function],
  "findAllByTitle": [Function],
  "findByAltText": [Function],
  "findByDisplayValue": [Function],
  "findByLabelText": [Function],
  "findByPlaceholderText": [Function],
  "findByRole": [Function],
  "findByTestId": [Function],
  "findByText": [Function],
  "findByTitle": [Function],
  "getAllByAltText": [Function],
  "getAllByDisplayValue": [Function],
  "getAllByLabelText": [Function],
  "getAllByPlaceholderText": [Function],
  "getAllByRole": [Function],
  "getAllByTestId": [Function],
  "getAllByText": [Function],
  "getAllByTitle": [Function],
  "getByAltText": [Function],
  "getByDisplayValue": [Function],
  "getByLabelText": [Function],
  "getByPlaceholderText": [Function],
  "getByRole": [Function],
  "getByTestId": [Function],
  "getByText": [Function],
  "getByTitle": [Function],
  "queryAllByAltText": [Function],
  "queryAllByDisplayValue": [Function],
  "queryAllByLabelText": [Function],
  "queryAllByPlaceholderText": [Function],
  "queryAllByRole": [Function],
  "queryAllByTestId": [Function],
  "queryAllByText": [Function],
  "queryAllByTitle": [Function],
  "queryByAltText": [Function],
  "queryByDisplayValue": [Function],
  "queryByLabelText": [Function],
  "queryByPlaceholderText": [Function],
  "queryByRole": [Function],
  "queryByTestId": [Function],
  "queryByText": [Function],
  "queryByTitle": [Function],
  "rerender": [Function],
  "unmount": [Function],
}
`;
